<?xml version="1.0"?>


<overlapTest>
  <params>
    <lattice>
      <nrow>4 4 4 8</nrow>
      <boundary>1 1 1 -1</boundary>
    </lattice>
    <RNG>
      <seed>11 0 0 0</seed>
    </RNG>
    <Cfg>
      <startType>2</startType>
      <gaugeFileFormat>0</gaugeFileFormat>
      <gaugeFilename>./test_purgaug.cfg1</gaugeFilename>
    </Cfg>
    <zolotarev>
      <approxOrder>15</approxOrder>
      <approxMin>0.67</approxMin>
      <approxMax>6.5</approxMax>
      <wilsonMass>-1.4</wilsonMass>
      <quarkMass>0.01</quarkMass>
    </zolotarev>
    <qprop>
      <RsdCG>1e-07</RsdCG>
      <MaxCG>500</MaxCG>
    </qprop>
    <checking>
      <szinPion>1.174 0.612809 0.327765 0.289347 0.285501 0.294554 0.32387 0.603371</szinPion>
    </checking>
  </params>
  <GaugeInfo><szin>
      <cfg_version>7</cfg_version>
      <date>Sat Jun 16 00:35:57 2001</date>
      <banner>(Sat Jun 16 00:21:07  2001) Source=MOTIE Target=linux Release= Quarks=g</banner>
      <FermTypeP>0</FermTypeP>
      <Nd>4</Nd>
      <Nc>3</Nc>
      <BetaMC>20.1</BetaMC>
      <BetaMD>0</BetaMD>
      <KappaMC>0</KappaMC>
      <KappaMD>0</KappaMD>
      <MassMC>0</MassMC>
      <MassMD>0</MassMD>
      <dt>0</dt>
      <MesTrj>1</MesTrj>
      <TotalCG>0</TotalCG>
      <TotalTrj>2</TotalTrj>
      <spec_acc>0</spec_acc>
      <NOver>2</NOver>
      <TotalTry>12288</TotalTry>
      <TotalFail>56</TotalFail>
      <Nf>9.48851e+33</Nf>
      <Npf>2</Npf>
      <RefMomTrj>302059064</RefMomTrj>
      <RefFnoiseTrj>36</RefFnoiseTrj>
      <LamPl>9.45468e+33</LamPl>
      <LamMi>0</LamMi>
      <AlpLog>4.2039e-45</AlpLog>
      <AlpExp>4.2039e-45</AlpExp>
      <nrow>4 4 4 8</nrow>
      <seed>
        <Seed>
          <elem>811</elem>
          <elem>1073</elem>
          <elem>1535</elem>
          <elem>1310</elem>
        </Seed>
      </seed>
    </szin>

  </GaugeInfo>
  <plaquette>
    <w_plaq>0.902263</w_plaq>
    <s_plaq>0.862579</s_plaq>
    <t_plaq>0.941947</t_plaq>
    <link>0.734641</link>
  </plaquette>
  <Zolotarev5DInternal>
<Zolo5DInit>
  <ZoloContFracCoeff>
    <beta>33.0519 18.5157 12.6924 9.33385 7.09797 5.49805 4.30349 3.38483 2.6605 2.07512 1.58925 1.17392 0.807336 0.472507 0.155576</beta>
  </ZoloContFracCoeff>
  <ZoloEquivTransCoeff>
    <beta>1 1 1 1 1 1 1 1 1 1 1 1 1 1 0.155576</beta>
    <alpha>0.0404232 0.0652315 0.091875 0.122858 0.160077 0.205582 0.262012 0.333234 0.425595 0.550659 0.732124 1.0272 1.61908 1.45477 0.155576</alpha>
  </ZoloEquivTransCoeff>
</Zolo5DInit>


  </Zolotarev5DInternal>
  <Inv5DCheck>
    <r_norm>8.72066e-07</r_norm>
  </Inv5DCheck>
  <Inv4Dcheck>
    <r_norm>8.90736e-07</r_norm>
  </Inv4Dcheck>
  <Consistency4D>
    <r_norm>7.38348e-07</r_norm>
  </Consistency4D>
  <Consistency5D>
    <r_norm>8.24973e-07</r_norm>
  </Consistency5D>
  <Qprop4D5Ddiff>
    <r_norm>4.28453e-06</r_norm>
  </Qprop4D5Ddiff>
</overlapTest>